./.venv/Scripts/python.exe : Traceback (most recent call last):
At line:1 char:16
+ ... o "Hello" | ./.venv/Scripts/python.exe tools/cli_agent.py --real > cl ...
+                 ~~~~~~~~~~~~~~~~~~~~~~~~~~~~~~~~~~~~~~~~~~~~~~~~~~~~~~~~~
    + CategoryInfo          : NotSpecified: (Traceback (most recent call last)::String) [], RemoteException
    + FullyQualifiedErrorId : NativeCommandError
 
  File "D:\ZaloPC\AAF - AIOS\tools\cli_agent.py", line 23, in <module>
    from app.api.v1.endpoints.agents import _execute_skill
  File "D:\ZaloPC\AAF - AIOS\app\api\v1\endpoints\agents.py", line 1102, in <module>
    async def run_debug_agent_flow(
  File "D:\ZaloPC\AAF - AIOS\.venv\lib\site-packages\fastapi\routing.py", line 994, in decorator
    self.add_api_route(
  File "D:\ZaloPC\AAF - AIOS\.venv\lib\site-packages\fastapi\routing.py", line 933, in add_api_route
    route = route_class(
  File "D:\ZaloPC\AAF - AIOS\.venv\lib\site-packages\fastapi\routing.py", line 554, in __init__
    self.dependant = get_dependant(path=self.path_format, call=self.endpoint)
  File "D:\ZaloPC\AAF - AIOS\.venv\lib\site-packages\fastapi\dependencies\utils.py", line 292, in 
get_dependant
    sub_dependant = get_param_sub_dependant(
  File "D:\ZaloPC\AAF - AIOS\.venv\lib\site-packages\fastapi\dependencies\utils.py", line 126, in 
get_param_sub_dependant
    return get_sub_dependant(
  File "D:\ZaloPC\AAF - AIOS\.venv\lib\site-packages\fastapi\dependencies\utils.py", line 162, in 
get_sub_dependant
    sub_dependant = get_dependant(
  File "D:\ZaloPC\AAF - AIOS\.venv\lib\site-packages\fastapi\dependencies\utils.py", line 292, in 
get_dependant
    sub_dependant = get_param_sub_dependant(
  File "D:\ZaloPC\AAF - AIOS\.venv\lib\site-packages\fastapi\dependencies\utils.py", line 126, in 
get_param_sub_dependant
    return get_sub_dependant(
  File "D:\ZaloPC\AAF - AIOS\.venv\lib\site-packages\fastapi\dependencies\utils.py", line 162, in 
get_sub_dependant
    sub_dependant = get_dependant(
  File "D:\ZaloPC\AAF - AIOS\.venv\lib\site-packages\fastapi\dependencies\utils.py", line 285, in 
get_dependant
    param_details = analyze_param(
  File "D:\ZaloPC\AAF - AIOS\.venv\lib\site-packages\fastapi\dependencies\utils.py", line 488, in 
analyze_param
    field = create_model_field(
  File "D:\ZaloPC\AAF - AIOS\.venv\lib\site-packages\fastapi\utils.py", line 98, in create_model_field
    raise fastapi.exceptions.FastAPIError(
fastapi.exceptions.FastAPIError: Invalid args for response field! Hint: check that <class 
'app.brain.rag.EmbeddingClient'> is a valid Pydantic field type. If you are using a return type annotation 
that is not a valid Pydantic field (e.g. Union[Response, dict, None]) you can disable generating the 
response model from the type annotation with the path operation decorator parameter response_model=None. 
Read more: https://fastapi.tiangolo.com/tutorial/response-model/
